---
source: crates/mun_syntax/src/tests/parser.rs
expression: "fn foo() {\n    S {};\n    S { x, y: 32, };\n    TupleStruct { 0: 1 };\n}"
---
SOURCE_FILE@[0; 69)
  FUNCTION_DEF@[0; 69)
    FN_KW@[0; 2) "fn"
    WHITESPACE@[2; 3) " "
    NAME@[3; 6)
      IDENT@[3; 6) "foo"
    PARAM_LIST@[6; 8)
      L_PAREN@[6; 7) "("
      R_PAREN@[7; 8) ")"
    WHITESPACE@[8; 9) " "
    BLOCK_EXPR@[9; 69)
      L_CURLY@[9; 10) "{"
      WHITESPACE@[10; 15) "\n    "
      EXPR_STMT@[15; 20)
        RECORD_LIT@[15; 19)
          PATH@[15; 16)
            PATH_SEGMENT@[15; 16)
              NAME_REF@[15; 16)
                IDENT@[15; 16) "S"
          WHITESPACE@[16; 17) " "
          RECORD_FIELD_LIST@[17; 19)
            L_CURLY@[17; 18) "{"
            R_CURLY@[18; 19) "}"
        SEMI@[19; 20) ";"
      WHITESPACE@[20; 25) "\n    "
      EXPR_STMT@[25; 41)
        RECORD_LIT@[25; 40)
          PATH@[25; 26)
            PATH_SEGMENT@[25; 26)
              NAME_REF@[25; 26)
                IDENT@[25; 26) "S"
          WHITESPACE@[26; 27) " "
          RECORD_FIELD_LIST@[27; 40)
            L_CURLY@[27; 28) "{"
            WHITESPACE@[28; 29) " "
            RECORD_FIELD@[29; 30)
              NAME_REF@[29; 30)
                IDENT@[29; 30) "x"
            COMMA@[30; 31) ","
            WHITESPACE@[31; 32) " "
            RECORD_FIELD@[32; 37)
              NAME_REF@[32; 33)
                IDENT@[32; 33) "y"
              COLON@[33; 34) ":"
              WHITESPACE@[34; 35) " "
              LITERAL@[35; 37)
                INT_NUMBER@[35; 37) "32"
            COMMA@[37; 38) ","
            WHITESPACE@[38; 39) " "
            R_CURLY@[39; 40) "}"
        SEMI@[40; 41) ";"
      WHITESPACE@[41; 46) "\n    "
      EXPR_STMT@[46; 67)
        RECORD_LIT@[46; 66)
          PATH@[46; 57)
            PATH_SEGMENT@[46; 57)
              NAME_REF@[46; 57)
                IDENT@[46; 57) "TupleStruct"
          WHITESPACE@[57; 58) " "
          RECORD_FIELD_LIST@[58; 66)
            L_CURLY@[58; 59) "{"
            WHITESPACE@[59; 60) " "
            RECORD_FIELD@[60; 64)
              NAME_REF@[60; 61)
                INT_NUMBER@[60; 61) "0"
              COLON@[61; 62) ":"
              WHITESPACE@[62; 63) " "
              LITERAL@[63; 64)
                INT_NUMBER@[63; 64) "1"
            WHITESPACE@[64; 65) " "
            R_CURLY@[65; 66) "}"
        SEMI@[66; 67) ";"
      WHITESPACE@[67; 68) "\n"
      R_CURLY@[68; 69) "}"

