---
source: crates/mun_syntax/src/tests/parser.rs
expression: "struct Foo;\nstruct Foo {}\nstruct Foo {\n    a: float,\n    b: int,\n}"
---
SOURCE_FILE@[0; 66)
  STRUCT_DEF@[0; 11)
    STRUCT_KW@[0; 6) "struct"
    WHITESPACE@[6; 7) " "
    NAME@[7; 10)
      IDENT@[7; 10) "Foo"
    SEMI@[10; 11) ";"
  WHITESPACE@[11; 12) "\n"
  STRUCT_DEF@[12; 25)
    STRUCT_KW@[12; 18) "struct"
    WHITESPACE@[18; 19) " "
    NAME@[19; 22)
      IDENT@[19; 22) "Foo"
    WHITESPACE@[22; 23) " "
    RECORD_FIELD_DEF_LIST@[23; 25)
      L_CURLY@[23; 24) "{"
      R_CURLY@[24; 25) "}"
  WHITESPACE@[25; 26) "\n"
  STRUCT_DEF@[26; 66)
    STRUCT_KW@[26; 32) "struct"
    WHITESPACE@[32; 33) " "
    NAME@[33; 36)
      IDENT@[33; 36) "Foo"
    WHITESPACE@[36; 37) " "
    RECORD_FIELD_DEF_LIST@[37; 66)
      L_CURLY@[37; 38) "{"
      WHITESPACE@[38; 43) "\n    "
      RECORD_FIELD_DEF@[43; 51)
        NAME@[43; 44)
          IDENT@[43; 44) "a"
        COLON@[44; 45) ":"
        WHITESPACE@[45; 46) " "
        PATH_TYPE@[46; 51)
          PATH@[46; 51)
            PATH_SEGMENT@[46; 51)
              NAME_REF@[46; 51)
                IDENT@[46; 51) "float"
      COMMA@[51; 52) ","
      WHITESPACE@[52; 57) "\n    "
      RECORD_FIELD_DEF@[57; 63)
        NAME@[57; 58)
          IDENT@[57; 58) "b"
        COLON@[58; 59) ":"
        WHITESPACE@[59; 60) " "
        PATH_TYPE@[60; 63)
          PATH@[60; 63)
            PATH_SEGMENT@[60; 63)
              NAME_REF@[60; 63)
                IDENT@[60; 63) "int"
      COMMA@[63; 64) ","
      WHITESPACE@[64; 65) "\n"
      R_CURLY@[65; 66) "}"

